[gafcontractor.chameleonpower.com/index.html]
[backblue.gif]
[fade.gif]
[index.html]
[gafcontractor.chameleonpower.com/css/release5c94.css]
[cdnjs.cloudflare.com/ajax/libs/normalize/5.0.0/normalize.css]
[maxcdn.bootstrapcdn.com/font-awesome/4.7.0/css/font-awesome.min.css]
[code.jquery.com/ui/1.12.1/themes/base/jquery-ui.min.css]
[gafcontractor.chameleonpower.com/img/good.jpg]
[gafcontractor.chameleonpower.com/img/bad.jpg]
[gafcontractor.chameleonpower.com/js/lib/jquery-3.1.1.js]
[gafcontractor.chameleonpower.com/js/lib/jquery-migrate-3.0.0.js]
[gafcontractor.chameleonpower.com/js/lib/jquery-ui-1.12.1.js]
[gafcontractor.chameleonpower.com/js/lib/lodash-4.17.2.js]
[ca.chameleonpower.com/stats.js]
[www.google-analytics.com/analytics.js]
[gafcontractor.chameleonpower.com/index.html]
[cdnjs.cloudflare.com/ajax/libs/normalize/5.0.0/normalize.css]
[gafcontractor.chameleonpower.com/img/landing.png]
[gafcontractor.chameleonpower.com/js/release7a4f]
[gafcontractor.chameleonpower.com/img/landing_lowes2.png]
[gafcontractor.chameleonpower.com/css/release5c94.css]
[maxcdn.bootstrapcdn.com/font-awesome/4.7.0/css/font-awesome.min.css]
[code.jquery.com/ui/1.12.1/themes/base/images/ui-icons_444444_256x240.png]
[code.jquery.com/ui/1.12.1/themes/base/images/ui-icons_555555_256x240.png]
[code.jquery.com/ui/1.12.1/themes/base/images/ui-icons_ffffff_256x240.png]
[code.jquery.com/ui/1.12.1/themes/base/images/ui-icons_777620_256x240.png]
[code.jquery.com/ui/1.12.1/themes/base/images/ui-icons_cc0000_256x240.png]
[code.jquery.com/ui/1.12.1/themes/base/jquery-ui.min.css]
[code.jquery.com/ui/1.12.1/themes/base/images/ui-icons_777777_256x240.png]
[gafcontractor.chameleonpower.com/img/FB.svg]
[gafcontractor.chameleonpower.com/img/FB_Active.svg]
[gafcontractor.chameleonpower.com/img/Twitter.svg]
[gafcontractor.chameleonpower.com/img/Twitter_Active.svg]
[gafcontractor.chameleonpower.com/img/Pinterest.svg]
[gafcontractor.chameleonpower.com/img/Pinterest_Active.svg]
[gafcontractor.chameleonpower.com/img/Email.svg]
[gafcontractor.chameleonpower.com/img/Email_Active.svg]
[gafcontractor.chameleonpower.com/js/lib/jquery-3.1.1.js]
[gafcontractor.chameleonpower.com/js/lib/jquery-ui-1.12.1.js]
[gafcontractor.chameleonpower.com/js/lib/jquery-migrate-3.0.0.js]
[gafcontractor.chameleonpower.com/js/lib/lodash-4.17.2.js]
[gafcontractor.chameleonpower.com/img/logo.svg]
[gafcontractor.chameleonpower.com/img/balls.svg]
[gafcontractor.chameleonpower.com/img/empty-heart.svg]
[gafcontractor.chameleonpower.com/img/full-heart.svg]
[gafcontractor.chameleonpower.com/img/close.html]
[gafcontractor.chameleonpower.com/img/lowes.svg]
